meta:0, push_cyc:0
meta:2, push_cyc:1
meta:4, push_cyc:2
meta:1, push_cyc:3
meta:3, push_cyc:4
meta:5, push_cyc:5
meta:6, push_cyc:6
meta:8, push_cyc:7
meta:10, push_cyc:8
meta:7, push_cyc:9
meta:9, push_cyc:10
meta:11, push_cyc:11
meta:12, push_cyc:12
meta:14, push_cyc:13
meta:16, push_cyc:14
meta:13, push_cyc:15
meta:15, push_cyc:16
meta:17, push_cyc:17
meta:18, push_cyc:18
meta:20, push_cyc:19
meta:22, push_cyc:20
meta:19, push_cyc:21
meta:21, push_cyc:22
meta:23, push_cyc:23
meta:24, push_cyc:24
meta:26, push_cyc:25
meta:28, push_cyc:26
meta:25, push_cyc:27
meta:27, push_cyc:28
meta:29, push_cyc:29
meta:30, push_cyc:30
meta:32, push_cyc:31
meta:34, push_cyc:32
meta:31, push_cyc:33
meta:33, push_cyc:34
meta:35, push_cyc:35
meta:36, push_cyc:36
meta:38, push_cyc:37
meta:40, push_cyc:38
meta:37, push_cyc:39
meta:39, push_cyc:40
meta:41, push_cyc:41
meta:42, push_cyc:42
meta:44, push_cyc:43
meta:46, push_cyc:44
meta:43, push_cyc:45
meta:45, push_cyc:46
meta:47, push_cyc:47
meta:48, push_cyc:48
meta:50, push_cyc:49
meta:52, push_cyc:50
meta:49, push_cyc:51
meta:51, push_cyc:52
meta:53, push_cyc:53
meta:54, push_cyc:54
meta:56, push_cyc:55
meta:58, push_cyc:56
meta:55, push_cyc:57
meta:57, push_cyc:58
meta:59, push_cyc:59
meta:60, push_cyc:60
meta:62, push_cyc:61
meta:64, push_cyc:62
meta:61, push_cyc:63
meta:63, push_cyc:64
meta:65, push_cyc:65
meta:66, push_cyc:66
meta:68, push_cyc:67
meta:70, push_cyc:68
meta:67, push_cyc:69
meta:69, push_cyc:70
meta:71, push_cyc:71
meta:72, push_cyc:72
meta:74, push_cyc:73
meta:76, push_cyc:74
meta:73, push_cyc:75
meta:75, push_cyc:76
meta:77, push_cyc:77
meta:78, push_cyc:78
meta:80, push_cyc:79
meta:82, push_cyc:80
meta:79, push_cyc:81
meta:81, push_cyc:82
meta:83, push_cyc:83
meta:84, push_cyc:84
meta:86, push_cyc:85
meta:88, push_cyc:86
meta:85, push_cyc:87
meta:87, push_cyc:88
meta:89, push_cyc:89
meta:90, push_cyc:90
meta:92, push_cyc:91
meta:94, push_cyc:92
meta:91, push_cyc:93
meta:93, push_cyc:94
meta:95, push_cyc:95
meta:96, push_cyc:96
meta:98, push_cyc:97
meta:100, push_cyc:98
meta:97, push_cyc:99
meta:99, push_cyc:100
meta:101, push_cyc:101
meta:102, push_cyc:102
meta:104, push_cyc:103
meta:106, push_cyc:104
meta:103, push_cyc:105
meta:105, push_cyc:106
meta:107, push_cyc:107
meta:108, push_cyc:108
meta:110, push_cyc:109
meta:112, push_cyc:110
meta:109, push_cyc:111
meta:111, push_cyc:112
meta:113, push_cyc:113
meta:114, push_cyc:114
meta:116, push_cyc:115
meta:118, push_cyc:116
meta:115, push_cyc:117
meta:117, push_cyc:118
meta:119, push_cyc:119
meta:0, pop_cyc:0
meta:1, pop_cyc:1
meta:2, pop_cyc:2
meta:3, pop_cyc:3
meta:4, pop_cyc:4
meta:5, pop_cyc:5
meta:6, pop_cyc:6
meta:7, pop_cyc:7
meta:8, pop_cyc:8
meta:9, pop_cyc:9
meta:10, pop_cyc:10
meta:13, pop_cyc:11
meta:12, pop_cyc:12
meta:11, pop_cyc:13
meta:14, pop_cyc:14
meta:19, pop_cyc:15
meta:18, pop_cyc:16
meta:15, pop_cyc:17
meta:20, pop_cyc:18
meta:25, pop_cyc:19
meta:16, pop_cyc:20
meta:17, pop_cyc:21
meta:24, pop_cyc:22
meta:21, pop_cyc:23
meta:26, pop_cyc:24
meta:31, pop_cyc:25
meta:30, pop_cyc:26
meta:37, pop_cyc:27
meta:32, pop_cyc:28
meta:27, pop_cyc:29
meta:22, pop_cyc:30
meta:43, pop_cyc:31
meta:36, pop_cyc:32
meta:23, pop_cyc:33
meta:38, pop_cyc:34
meta:49, pop_cyc:35
meta:42, pop_cyc:36
meta:33, pop_cyc:37
meta:44, pop_cyc:38
meta:55, pop_cyc:39
meta:28, pop_cyc:40
meta:29, pop_cyc:41
meta:48, pop_cyc:42
meta:39, pop_cyc:43
meta:50, pop_cyc:44
meta:61, pop_cyc:45
meta:54, pop_cyc:46
meta:67, pop_cyc:47
meta:56, pop_cyc:48
meta:45, pop_cyc:49
meta:34, pop_cyc:50
meta:73, pop_cyc:51
meta:60, pop_cyc:52
meta:35, pop_cyc:53
meta:62, pop_cyc:54
meta:79, pop_cyc:55
meta:66, pop_cyc:56
meta:51, pop_cyc:57
meta:68, pop_cyc:58
meta:85, pop_cyc:59
meta:40, pop_cyc:60
meta:57, pop_cyc:61
meta:72, pop_cyc:62
meta:41, pop_cyc:63
meta:74, pop_cyc:64
meta:91, pop_cyc:65
meta:78, pop_cyc:66
meta:97, pop_cyc:67
meta:80, pop_cyc:68
meta:63, pop_cyc:69
meta:46, pop_cyc:70
meta:103, pop_cyc:71
meta:84, pop_cyc:72
meta:47, pop_cyc:73
meta:86, pop_cyc:74
meta:109, pop_cyc:75
meta:90, pop_cyc:76
meta:69, pop_cyc:77
meta:92, pop_cyc:78
meta:115, pop_cyc:79
meta:52, pop_cyc:80
meta:53, pop_cyc:81
meta:96, pop_cyc:82
meta:75, pop_cyc:83
meta:98, pop_cyc:84
meta:81, pop_cyc:85
meta:102, pop_cyc:86
meta:59, pop_cyc:87
meta:104, pop_cyc:88
meta:87, pop_cyc:89
meta:58, pop_cyc:90
meta:65, pop_cyc:91
meta:108, pop_cyc:92
meta:93, pop_cyc:93
meta:110, pop_cyc:94
meta:99, pop_cyc:95
meta:114, pop_cyc:96
meta:71, pop_cyc:97
meta:116, pop_cyc:98
meta:105, pop_cyc:99
meta:64, pop_cyc:100
meta:77, pop_cyc:101
meta:70, pop_cyc:102
meta:111, pop_cyc:103
meta:76, pop_cyc:104
meta:117, pop_cyc:105
meta:82, pop_cyc:106
meta:83, pop_cyc:107
meta:88, pop_cyc:108
meta:89, pop_cyc:109
meta:94, pop_cyc:110
meta:95, pop_cyc:111
meta:100, pop_cyc:112
meta:101, pop_cyc:113
meta:106, pop_cyc:114
meta:107, pop_cyc:115
meta:112, pop_cyc:116
meta:113, pop_cyc:117
meta:118, pop_cyc:118
meta:119, pop_cyc:119
